<?xml version="1.0" encoding="UTF-8"?>
<testsuites>
  <testsuite name="C:\Users\eduar\Documents\Proyecto_novape\proyecto\phpunit.xml" tests="10" assertions="19" errors="0" failures="0" skipped="0" time="10.420682">
    <testsuite name="Feature" tests="10" assertions="19" errors="0" failures="0" skipped="0" time="10.420682">
      <testsuite name="Tests\Feature\AdminAccessTest" file="C:\Users\eduar\Documents\Proyecto_novape\proyecto\tests\Feature\AdminAccessTest.php" tests="4" assertions="9" errors="0" failures="0" skipped="0" time="8.519379">
        <testcase name="test_customer_cannot_sign_in_to_admin" file="C:\Users\eduar\Documents\Proyecto_novape\proyecto\tests\Feature\AdminAccessTest.php" line="62" class="Tests\Feature\AdminAccessTest" classname="Tests.Feature.AdminAccessTest" assertions="3" time="5.313503"/>
        <testcase name="test_staff_can_sign_in_to_admin" file="C:\Users\eduar\Documents\Proyecto_novape\proyecto\tests\Feature\AdminAccessTest.php" line="74" class="Tests\Feature\AdminAccessTest" classname="Tests.Feature.AdminAccessTest" assertions="3" time="1.544118"/>
        <testcase name="test_customer_with_admin_session_cannot_open_internal_routes" file="C:\Users\eduar\Documents\Proyecto_novape\proyecto\tests\Feature\AdminAccessTest.php" line="86" class="Tests\Feature\AdminAccessTest" classname="Tests.Feature.AdminAccessTest" assertions="1" time="0.863939"/>
        <testcase name="test_staff_without_module_permission_cannot_access_finance_or_crm" file="C:\Users\eduar\Documents\Proyecto_novape\proyecto\tests\Feature\AdminAccessTest.php" line="93" class="Tests\Feature\AdminAccessTest" classname="Tests.Feature.AdminAccessTest" assertions="2" time="0.797819"/>
      </testsuite>
      <testsuite name="Tests\Feature\CheckoutIntegrityTest" file="C:\Users\eduar\Documents\Proyecto_novape\proyecto\tests\Feature\CheckoutIntegrityTest.php" tests="3" assertions="6" errors="0" failures="0" skipped="0" time="1.033271">
        <testcase name="test_total_uses_database_price_and_rejects_negative_shipping" file="C:\Users\eduar\Documents\Proyecto_novape\proyecto\tests\Feature\CheckoutIntegrityTest.php" line="54" class="Tests\Feature\CheckoutIntegrityTest" classname="Tests.Feature.CheckoutIntegrityTest" assertions="2" time="0.424753"/>
        <testcase name="test_reservation_checks_ecommerce_warehouse_instead_of_global_stock" file="C:\Users\eduar\Documents\Proyecto_novape\proyecto\tests\Feature\CheckoutIntegrityTest.php" line="66" class="Tests\Feature\CheckoutIntegrityTest" classname="Tests.Feature.CheckoutIntegrityTest" assertions="2" time="0.217141"/>
        <testcase name="test_reservation_sums_duplicate_variant_lines" file="C:\Users\eduar\Documents\Proyecto_novape\proyecto\tests\Feature\CheckoutIntegrityTest.php" line="78" class="Tests\Feature\CheckoutIntegrityTest" classname="Tests.Feature.CheckoutIntegrityTest" assertions="2" time="0.391377"/>
      </testsuite>
      <testsuite name="Tests\Feature\NiubizMigrationTest" file="C:\Users\eduar\Documents\Proyecto_novape\proyecto\tests\Feature\NiubizMigrationTest.php" tests="1" assertions="2" errors="0" failures="0" skipped="0" time="0.490675">
        <testcase name="test_existing_transaction_records_keep_their_reference" file="C:\Users\eduar\Documents\Proyecto_novape\proyecto\tests\Feature\NiubizMigrationTest.php" line="12" class="Tests\Feature\NiubizMigrationTest" classname="Tests.Feature.NiubizMigrationTest" assertions="2" time="0.490675"/>
      </testsuite>
      <testsuite name="Tests\Feature\RefundSafetyTest" file="C:\Users\eduar\Documents\Proyecto_novape\proyecto\tests\Feature\RefundSafetyTest.php" tests="2" assertions="2" errors="0" failures="0" skipped="0" time="0.377358">
        <testcase name="test_paid_order_cannot_be_cancelled_before_niubiz_refund" file="C:\Users\eduar\Documents\Proyecto_novape\proyecto\tests\Feature\RefundSafetyTest.php" line="12" class="Tests\Feature\RefundSafetyTest" classname="Tests.Feature.RefundSafetyTest" assertions="1" time="0.142540"/>
        <testcase name="test_pending_refund_cannot_be_cancelled_directly" file="C:\Users\eduar\Documents\Proyecto_novape\proyecto\tests\Feature\RefundSafetyTest.php" line="21" class="Tests\Feature\RefundSafetyTest" classname="Tests.Feature.RefundSafetyTest" assertions="1" time="0.234818"/>
      </testsuite>
    </testsuite>
  </testsuite>
</testsuites>
